Welcome to Ubuntu 24.04.3 LTS (GNU/Linux 6.8.0-87-generic x86_64)

 * Documentation:  https://help.ubuntu.com
 * Management:     https://landscape.canonical.com
 * Support:        https://ubuntu.com/pro

 System information as of Thu Nov  6 17:50:20 UTC 2025

  System load:  0.4                Processes:             294
  Usage of /:   7.3% of 386.42GB   Users logged in:       0
  Memory usage: 13%                IPv4 address for eth0: 72.60.149.107
  Swap usage:   0%                 IPv6 address for eth0: 2a02:4780:66:8d5b::1

 * Strictly confined Kubernetes makes edge and IoT secure. Learn how MicroK8s
   just raised the bar for easy, resilient and secure K8s cluster deployment.

   https://ubuntu.com/engage/secure-kubernetes-at-the-edge

Expanded Security Maintenance for Applications is not enabled.

28 updates can be applied immediately.
To see these additional updates run: apt list --upgradable

1 additional security update can be applied with ESM Apps.
Learn more about enabling ESM Apps service at https://ubuntu.com/esm


1 updates could not be installed automatically. For more details,
see /var/log/unattended-upgrades/unattended-upgrades.log

Last login: Thu Nov  6 17:32:50 2025 from 169.254.0.1
root@vps:~# docker service ls
ID             NAME                                             MODE         REPLICAS   IMAGE                                         PORTS
qctwoekyl7xa   abmix-tech-desenvolvimento_evolution-api         replicated   1/1        evoapicloud/evolution-api:latest              
0dcfvewgtlcf   abmix-tech-desenvolvimento_evolution-api-db      replicated   1/1        postgres:17                                   
x2tk4xz2lbsq   abmix-tech-desenvolvimento_evolution-api-redis   replicated   1/1        redis:7                                       
0ee3tpxf8f2o   abmix-tech-desenvolvimento_n8n                   replicated   1/1        n8nio/n8n:latest                              
zv5i1qrtt8dz   aulateste_evolution-api                          replicated   1/1        evoapicloud/evolution-api:latest              
hfbvuifa8s7s   aulateste_evolution-api-db                       replicated   1/1        postgres:17                                   
pbh7zrz1nfij   aulateste_evolution-api-redis                    replicated   1/1        redis:7                                       
w1hraj21cxjz   aulateste_n8n                                    replicated   1/1        n8nio/n8n:latest                              
7x5n1q9f3eeg   easypanel                                        replicated   1/1        easypanel/easypanel:latest                    
uy97c82xczxt   projeto-abmix-tech_abmix-telefone                replicated   0/1        easypanel/projeto-abmix-tech/abmix-telefone   
rtw21fed73qi   projeto-abmix-tech_evolution-api                 replicated   1/1        evoapicloud/evolution-api:latest              
ax73i533jr3o   projeto-abmix-tech_evolution-api-db              replicated   1/1        postgres:17                                   
6klhjtrscx7a   projeto-abmix-tech_evolution-api-redis           replicated   1/1        redis:7                                       
wov40ex5t9ro   projeto-abmix-tech_minio                         replicated   1/1        minio/minio:latest                            
11081r8jcise   projeto-abmix-tech_n8n                           replicated   1/1        n8nio/n8n:latest                              
mz963qr9tzeh   projeto-abmix-tech_typebot-builder               replicated   1/1        baptistearno/typebot-builder:3.9              
3p3gkbgf81zz   projeto-abmix-tech_typebot-db                    replicated   1/1        postgres:17                                   
ad9w76224ugi   projeto-abmix-tech_typebot-redis                 replicated   1/1        redis:7                                       
m5b133ol4xbj   projeto-abmix-tech_typebot-viewer                replicated   1/1        baptistearno/typebot-viewer:3.9.0             
xq6v4bgi84ym   traefik                                          replicated   1/1        traefik:3.3.7                                 
root@vps:~# docker service ps projeto-abmix-tech_abmix-telefone --no-trunc
ID                          NAME                                      IMAGE                                                NODE      DESIRED STATE   CURRENT STATE                      ERROR                                                                                                                                                                                                                                                                                                                                                                                                                             PORTS
tufmxlwx09769ult10gy2a4t7   projeto-abmix-tech_abmix-telefone.1       easypanel/projeto-abmix-tech/abmix-telefone                    Ready           Pending less than a second ago     "no suitable node (host-mode port already in use on 1 node)"                                                                                                                                                                                                                                                                                                                                                                      
wuz1cpq2a87rdb92zz50pu3d7    \_ projeto-abmix-tech_abmix-telefone.1   easypanel/projeto-abmix-tech/abmix-telefone          vps       Ready           Preparing less than a second ago                                                                                                                                                                                                                                                                                                                                                                                                                                     
ecorybvmfuje3iahfteh93yt5    \_ projeto-abmix-tech_abmix-telefone.1   easypanel/projeto-abmix-tech/abmix-telefone          vps       Shutdown        Failed less than a second ago      "starting container failed: failed to set up container networking: container 8afbf203878bce841c460e90d8eb7641f8f87b0886ae0313c1a90ccef566fb66: endpoint join on GW Network failed: driver failed programming external connectivity on endpoint gateway_719190c30289 (50ff8af1e73f8c0413d0151fed0569496752f5fba275d15f1361291c24e06636): failed to bind host port for 0.0.0.0:5000:172.18.0.22:5000/tcp: address already in use"   
nba2lcfziqxcbccrh0neoqioy    \_ projeto-abmix-tech_abmix-telefone.1   easypanel/projeto-abmix-tech/abmix-telefone                    Running         Pending 4 minutes ago              "no suitable node (host-mode port already in use on 1 node)"                                                                                                                                                                                                                                                                                                                                                                      
71vg04xzems0ceeyktvy9rpi6    \_ projeto-abmix-tech_abmix-telefone.1   easypanel/projeto-abmix-tech/abmix-telefone                    Running         Pending 10 minutes ago             "no suitable node (host-mode port already in use on 1 node)"                                                                                                                                                                                                                                                                                                                                                                      
w2b6lipj9epknqh0ct38lxlra    \_ projeto-abmix-tech_abmix-telefone.1   easypanel/projeto-abmix-tech/abmix-telefone                    Running         Pending 44 minutes ago             "no suitable node (host-mode port already in use on 1 node)"                                                                                                                                                                                                                                                                                                                                                                      
wa7dfveq6j6qrt7yrf4qm1f44    \_ projeto-abmix-tech_abmix-telefone.1   easypanel/projeto-abmix-tech/abmix-telefone:latest             Running         Pending 54 minutes ago             "no suitable node (host-mode port already in use on 1 node)"                                                                                                                                                                                                                                                                                                                                                                      
h1n9hv01p1j6ro259ceywqgmt    \_ projeto-abmix-tech_abmix-telefone.1   easypanel/projeto-abmix-tech/abmix-telefone:latest             Running         Pending about an hour ago          "no suitable node (host-mode port already in use on 1 node)"                                                                                                                                                                                                                                                                                                                                                                      
ipwz1sbnzpf17h5is8hlfseph    \_ projeto-abmix-tech_abmix-telefone.1   easypanel/projeto-abmix-tech/abmix-telefone:latest             Running         Pending about an hour ago          "no suitable node (host-mode port already in use on 1 node)"                                                                                                                                                                                                                                                                                                                                                                      
xo4sjm80eg398cc6mfsl39csx    \_ projeto-abmix-tech_abmix-telefone.1   easypanel/projeto-abmix-tech/abmix-telefone                    Running         Pending about an hour ago          "no suitable node (host-mode port already in use on 1 node)"                                                                                                                                                                                                                                                                                                                                                                      
ksqvvgcy90nnitbk8j4v1tpkb    \_ projeto-abmix-tech_abmix-telefone.1   easypanel/projeto-abmix-tech/abmix-telefone                    Running         Pending about an hour ago          "no suitable node (host-mode port already in use on 1 node)"                                                                                                                                                                                                                                                                                                                                                                      
iraj9je8j0fddf5exeao82mi1    \_ projeto-abmix-tech_abmix-telefone.1   easypanel/projeto-abmix-tech/abmix-telefone                    Running         Pending about an hour ago          "no suitable node (host-mode port already in use on 1 node)"                                                                                                                                                                                                                                                                                                                                                                      
t44o2gnk74hbqvtyqh9fkaem4    \_ projeto-abmix-tech_abmix-telefone.1   easypanel/projeto-abmix-tech/abmix-telefone                    Running         Pending about an hour ago          "no suitable node (host-mode port already in use on 1 node)"                                                                                                                                                                                                                                                                                                                                                                      
skba2wyhi7nkt8g36igi1jc0e    \_ projeto-abmix-tech_abmix-telefone.1   easypanel/projeto-abmix-tech/abmix-telefone                    Running         Pending about an hour ago          "no suitable node (host-mode port already in use on 1 node)"                                                                                                                                                                                                                                                                                                                                                                      
xg5s3mnjotw7qp32o0x8afzu1    \_ projeto-abmix-tech_abmix-telefone.1   easypanel/projeto-abmix-tech/abmix-telefone                    Running         Pending about an hour ago          "no suitable node (host-mode port already in use on 1 node)"                                                                                                                                                                                                                                                                                                                                                                      
5fftyk02btqwdtm1j3m18wnma    \_ projeto-abmix-tech_abmix-telefone.1   easypanel/projeto-abmix-tech/abmix-telefone:latest             Running         Pending 3 hours ago                "no suitable node (host-mode port already in use on 1 node)"                                                                                                                                                                                                                                                                                                                                                                      
lqzkebu9tfwmqy3uroyceaj16    \_ projeto-abmix-tech_abmix-telefone.1   easypanel/projeto-abmix-tech/abmix-telefone:latest             Running         Pending 3 hours ago                "no suitable node (host-mode port already in use on 1 node)"                                                                                                                                                                                                                                                                                                                                                                      
root@vps:~# docker service logs projeto-abmix-tech_abmix-telefone --tail 100
root@vps:~# docker ps -a | grep abmix
150c3001f26c   easypanel/projeto-abmix-tech/abmix-telefone:latest   "docker-entrypoint.s…"   2 seconds ago   Created                                                                                                    projeto-abmix-tech_abmix-telefone.1.l9s2xdtxzgub5546vx4e8z8vy
385a7b0a5cbd   n8nio/n8n:latest                                     "tini -- /docker-ent…"   3 hours ago     Up 3 hours                  5678/tcp                                                                       abmix-tech-desenvolvimento_n8n.1.jd5inmvbmho1vgans1ftv5n9i
be26dc02ece4   postgres:17                                          "docker-entrypoint.s…"   3 hours ago     Up 3 hours                  5432/tcp                                                                       abmix-tech-desenvolvimento_evolution-api-db.1.koucla2nvicwd7iyuu3ybgljb
fab40ea7777f   evoapicloud/evolution-api:latest                     "/bin/bash -c '. ./D…"   3 hours ago     Up 3 hours                  8080/tcp                                                                       abmix-tech-desenvolvimento_evolution-api.1.s2ie783bfqgndkc8acuqc5dm1
8c91a6c10755   baptistearno/typebot-builder:3.9                     "/bin/sh -c ./${SCOP…"   3 hours ago     Up 3 hours                  3000/tcp                                                                       projeto-abmix-tech_typebot-builder.1.6krtrsimh1a3pm1lbap31far4
4726d2e7b825   minio/minio:latest                                   "/bin/sh -c 'minio s…"   3 hours ago     Up 3 hours                  9000/tcp                                                                       projeto-abmix-tech_minio.1.k3dzveh4n1vna5r5kmp8zrutf
a521359b47c0   redis:7                                              "/bin/sh -c 'redis-s…"   3 hours ago     Up 3 hours                  6379/tcp                                                                       abmix-tech-desenvolvimento_evolution-api-redis.1.rswwjlhp98c90upt9hzbk18q3
6cca4692397c   n8nio/n8n:latest                                     "tini -- /docker-ent…"   3 hours ago     Up 3 hours                  5678/tcp                                                                       projeto-abmix-tech_n8n.1.gckvxzy257pe78jij0ea7tq74
4ad387bde184   redis:7                                              "/bin/sh -c 'redis-s…"   3 hours ago     Up 3 hours                  6379/tcp                                                                       projeto-abmix-tech_typebot-redis.1.azyg7xmz30wi39cr7z1rvoox8
73fc3b389b2c   baptistearno/typebot-viewer:3.9.0                    "/bin/sh -c ./${SCOP…"   3 hours ago     Up 3 hours                  3000/tcp                                                                       projeto-abmix-tech_typebot-viewer.1.xa4ic8xutuixmzry9gs84c9gf
ee7a39b2a1dd   redis:7                                              "/bin/sh -c 'redis-s…"   3 hours ago     Up 3 hours                  6379/tcp                                                                       projeto-abmix-tech_evolution-api-redis.1.pzqbb4y3ka203n7et9k70386i
bf42d22bd95a   postgres:17                                          "docker-entrypoint.s…"   3 hours ago     Up 3 hours                  5432/tcp                                                                       projeto-abmix-tech_evolution-api-db.1.xp1xizn7vqy1c8r46y21jg4cz
7dc600bdffa0   evoapicloud/evolution-api:latest                     "/bin/bash -c '. ./D…"   3 hours ago     Up 3 hours                  8080/tcp                                                                       projeto-abmix-tech_evolution-api.1.nwb8jnhao8ktu4wxht7c0fjo2
977cfc5eeaaf   postgres:17                                          "docker-entrypoint.s…"   3 hours ago     Up 3 hours                  5432/tcp                                                                       projeto-abmix-tech_typebot-db.1.ntazuxincrm7m1emopqd1in1a
fe92766ff948   code-abmix                                           "docker-entrypoint.s…"   27 hours ago    Up 20 minutes (unhealthy)                                                                                  abmix-voip
root@vps:~# docker ps -a | grep abmix-telefone | awk '{print $1}' | xargs -I {} docker logs {} --tail 50